{
 "root": {
  "program": {
   "configuration": {
    "": "example.dl",
    "fact-dir": "",
    "jobs": "1",
    "output-dir": "./output",
    "relationCount": "2",
    "version": "2.4.1-53-g73edcf363"
   },
   "relation": {
    "edge": {
     "loadtime": { "start": 24469381616, "end": 24469381703},
     "num-tuples": 3,
     "source-locator": "/home/hugh/datalog/souffle/experiments/example.dl [1:7-1:11]"
    },
    "path": {
     "iteration": {
      "0": {
       "copytime": { "start": 24469381800, "end": 24469381801},
       "maxRSS": {
        "post": 4588,
        "pre": 4588
       },
       "num-tuples": 2,
       "recursive-rule": {
        "path(x,y) :- \n   path(x,z),\n   edge(z,y).": {
         "0": {
          "maxRSS": {
           "post": 4588,
           "pre": 4588
          },
          "num-tuples": 2,
          "runtime": { "start": 24469381761, "end": 24469381762},
          "source-locator": "/home/hugh/datalog/souffle/experiments/example.dl [8:1-8:38]"
         }
        }
       },
       "runtime": { "start": 24469381748, "end": 24469381775}
      },
      "1": {
       "copytime": { "start": 24469381855, "end": 24469381856},
       "maxRSS": {
        "post": 4588,
        "pre": 4588
       },
       "num-tuples": 1,
       "recursive-rule": {
        "path(x,y) :- \n   path(x,z),\n   edge(z,y).": {
         "0": {
          "maxRSS": {
           "post": 4588,
           "pre": 4588
          },
          "num-tuples": 1,
          "runtime": { "start": 24469381817, "end": 24469381818},
          "source-locator": "/home/hugh/datalog/souffle/experiments/example.dl [8:1-8:38]"
         }
        }
       },
       "runtime": { "start": 24469381805, "end": 24469381829}
      },
      "2": {
       "maxRSS": {
        "post": 4588,
        "pre": 4588
       },
       "num-tuples": 0,
       "recursive-rule": {
        "path(x,y) :- \n   path(x,z),\n   edge(z,y).": {
         "0": {
          "maxRSS": {
           "post": 4588,
           "pre": 4588
          },
          "num-tuples": 0,
          "runtime": { "start": 24469381872, "end": 24469381873},
          "source-locator": "/home/hugh/datalog/souffle/experiments/example.dl [8:1-8:38]"
         }
        }
       },
       "runtime": { "start": 24469381861, "end": 24469381883}
      }
     },
     "maxRSS": {
      "post": 4588,
      "pre": 4588
     },
     "non-recursive-rule": {
      "path(x,y) :- \n   edge(x,y).": {
       "maxRSS": {
        "post": 4588,
        "pre": 4588
       },
       "num-tuples": 3,
       "runtime": { "start": 24469381727, "end": 24469381729},
       "source-locator": "/home/hugh/datalog/souffle/experiments/example.dl [7:1-7:26]"
      }
     },
     "num-tuples": 3,
     "runtime": { "start": 24469381713, "end": 24469381740},
     "savetime": { "start": 24469381907, "end": 24469382021},
     "source-locator": "/home/hugh/datalog/souffle/experiments/example.dl [4:7-4:11]"
    }
   },
   "runtime": { "start": 24469381613, "end": 24469382026},
   "starttime": { "time": 24469381606},
   "usage": {
    "timepoint": {
     "24469381616": {
      "maxRSS": 4156,
      "systemtime": 0,
      "usertime": 1536
     },
     "24469381735": {
      "maxRSS": 4588,
      "systemtime": 0,
      "usertime": 1676
     },
     "24469381766": {
      "maxRSS": 4588,
      "systemtime": 0,
      "usertime": 1721
     },
     "24469381797": {
      "maxRSS": 4588,
      "systemtime": 0,
      "usertime": 1760
     },
     "24469381822": {
      "maxRSS": 4588,
      "systemtime": 0,
      "usertime": 1795
     },
     "24469381852": {
      "maxRSS": 4588,
      "systemtime": 0,
      "usertime": 1834
     },
     "24469381877": {
      "maxRSS": 4588,
      "systemtime": 0,
      "usertime": 1870
     },
     "24469381905": {
      "maxRSS": 4588,
      "systemtime": 0,
      "usertime": 1908
     }
    }
   }
  }
 }
}
